{"synthetic": false,
 "schemaVersion": "2025-09-10",
 "outputs":
 {"o": ["7e2043c24308db29.olean"],
  "m": false,
  "i": "f321891a74d76a4f.ilean",
  "c": "deb05e417c8a539b.c"},
 "log":
 [{"message":
   ".> LEAN_PATH=/Users/hum/Documents/GitHub/HumOS/projects/platform/hum-docxology/repos/public/QuadMath/lean/.lake/build/lib/lean /Users/hum/.elan/toolchains/leanprover--lean4---v4.33.1/bin/lean /Users/hum/Documents/GitHub/HumOS/projects/platform/hum-docxology/repos/public/QuadMath/lean/QuadMath/IVM.lean -o /Users/hum/Documents/GitHub/HumOS/projects/platform/hum-docxology/repos/public/QuadMath/lean/.lake/build/lib/lean/QuadMath/IVM.olean -i /Users/hum/Documents/GitHub/HumOS/projects/platform/hum-docxology/repos/public/QuadMath/lean/.lake/build/lib/lean/QuadMath/IVM.ilean -c /Users/hum/Documents/GitHub/HumOS/projects/platform/hum-docxology/repos/public/QuadMath/lean/.lake/build/ir/QuadMath/IVM.c --setup /Users/hum/Documents/GitHub/HumOS/projects/platform/hum-docxology/repos/public/QuadMath/lean/.lake/build/ir/QuadMath/IVM.setup.json --json",
   "level": "trace"},
  {"message": "QuadMath/IVM.lean:119:8: declaration uses `sorry`",
   "level": "warning"},
  {"message": "QuadMath/IVM.lean:124:0: true", "level": "info"},
  {"message": "QuadMath/IVM.lean:125:0: false", "level": "info"},
  {"message": "QuadMath/IVM.lean:126:0: 92", "level": "info"},
  {"message": "QuadMath/IVM.lean:127:0: 162", "level": "info"}],
 "inputs":
 [["deps",
   [["Quadlean/Quadlean:extraDep",
     [["@Quadlean:extraDep", "00000000000006bb"]]],
    ["imports",
     [["QuadMath.Quadray transitive imports (legacy)", "00000000000006bb"],
      ["QuadMath.Quadray:importAllArts", "d6c51e62a11d4c71"]]]]],
  ["libs",
   [["import dynlibs", "00000000000006bb"],
    ["package external libraries", "00000000000006bb"],
    ["module dynlibs", "00000000000006bb"],
    ["module plugins", "00000000000006bb"]]],
  ["Lean 4.33.1, commit 819816b2e0a3bf405af45ae5c7af2491d8f5bee6",
   "0051240b7c23c453"],
  ["/Users/hum/Documents/GitHub/HumOS/projects/platform/hum-docxology/repos/public/QuadMath/lean/QuadMath/IVM.lean",
   "33ce6c59346f8c66"],
  ["options", "00000000000006bb"],
  ["isModule: false", "feefd2a0d3a1847e"],
  ["Module.name: QuadMath.IVM", "82af9189c9003a74"],
  ["Package.id?: (some Quadlean)", "caa059ec5c6c64fb"],
  ["Module.leanArgs: #[]", "00000000000006bb"]],
 "depHash": "e9aeabb2abc2705e"}