{"synthetic": false,
 "schemaVersion": "2025-09-10",
 "outputs":
 {"o": ["8a653e3517c26889.olean"],
  "m": false,
  "i": "d996661043ae578b.ilean",
  "c": "aaaf96cd03c72a30.c"},
 "log":
 [{"message":
   ".> LEAN_PATH=/Users/hum/Documents/GitHub/HumOS/projects/platform/hum-docxology/repos/public/QuadMath/lean/.lake/build/lib/lean /Users/hum/.elan/toolchains/leanprover--lean4---v4.33.1/bin/lean /Users/hum/Documents/GitHub/HumOS/projects/platform/hum-docxology/repos/public/QuadMath/lean/QuadMath/Lattice.lean -o /Users/hum/Documents/GitHub/HumOS/projects/platform/hum-docxology/repos/public/QuadMath/lean/.lake/build/lib/lean/QuadMath/Lattice.olean -i /Users/hum/Documents/GitHub/HumOS/projects/platform/hum-docxology/repos/public/QuadMath/lean/.lake/build/lib/lean/QuadMath/Lattice.ilean -c /Users/hum/Documents/GitHub/HumOS/projects/platform/hum-docxology/repos/public/QuadMath/lean/.lake/build/ir/QuadMath/Lattice.c --setup /Users/hum/Documents/GitHub/HumOS/projects/platform/hum-docxology/repos/public/QuadMath/lean/.lake/build/ir/QuadMath/Lattice.setup.json --json",
   "level": "trace"},
  {"message": "QuadMath/Lattice.lean:43:0: [2, 12, 42, 92, 162]",
   "level": "info"},
  {"message": "QuadMath/Lattice.lean:44:0: [1, 13, 55, 147, 309, 561]",
   "level": "info"},
  {"message": "QuadMath/Lattice.lean:45:0: true", "level": "info"},
  {"message": "QuadMath/Lattice.lean:46:0: true", "level": "info"}],
 "inputs":
 [["deps",
   [["Quadlean/Quadlean:extraDep",
     [["@Quadlean:extraDep", "00000000000006bb"]]],
    ["imports",
     [["QuadMath.IVM transitive imports (legacy)", "4d491174a63921ca"],
      ["QuadMath.IVM:importAllArts", "ca886455610d79d0"]]]]],
  ["libs",
   [["import dynlibs", "00000000000006bb"],
    ["package external libraries", "00000000000006bb"],
    ["module dynlibs", "00000000000006bb"],
    ["module plugins", "00000000000006bb"]]],
  ["Lean 4.33.1, commit 819816b2e0a3bf405af45ae5c7af2491d8f5bee6",
   "0051240b7c23c453"],
  ["/Users/hum/Documents/GitHub/HumOS/projects/platform/hum-docxology/repos/public/QuadMath/lean/QuadMath/Lattice.lean",
   "2e42902e8bfb46c3"],
  ["options", "00000000000006bb"],
  ["isModule: false", "feefd2a0d3a1847e"],
  ["Module.name: QuadMath.Lattice", "82c25f848d87d1a7"],
  ["Package.id?: (some Quadlean)", "caa059ec5c6c64fb"],
  ["Module.leanArgs: #[]", "00000000000006bb"]],
 "depHash": "54a92a86b67baf85"}