{"synthetic": false,
 "schemaVersion": "2025-09-10",
 "outputs":
 {"o": ["b3a7db218fa5d543.olean"],
  "m": false,
  "i": "a3f1d7695c754113.ilean",
  "c": "e822be154a370d94.c"},
 "log":
 [{"message":
   ".> LEAN_PATH=/Users/hum/Documents/GitHub/HumOS/projects/platform/hum-docxology/repos/public/QuadMath/lean/.lake/build/lib/lean /Users/hum/.elan/toolchains/leanprover--lean4---v4.33.1/bin/lean /Users/hum/Documents/GitHub/HumOS/projects/platform/hum-docxology/repos/public/QuadMath/lean/QuadMath/Quadray.lean -o /Users/hum/Documents/GitHub/HumOS/projects/platform/hum-docxology/repos/public/QuadMath/lean/.lake/build/lib/lean/QuadMath/Quadray.olean -i /Users/hum/Documents/GitHub/HumOS/projects/platform/hum-docxology/repos/public/QuadMath/lean/.lake/build/lib/lean/QuadMath/Quadray.ilean -c /Users/hum/Documents/GitHub/HumOS/projects/platform/hum-docxology/repos/public/QuadMath/lean/.lake/build/ir/QuadMath/Quadray.c --setup /Users/hum/Documents/GitHub/HumOS/projects/platform/hum-docxology/repos/public/QuadMath/lean/.lake/build/ir/QuadMath/Quadray.setup.json --json",
   "level": "trace"}],
 "inputs":
 [["deps",
   [["Quadlean/Quadlean:extraDep",
     [["@Quadlean:extraDep", "00000000000006bb"]]],
    ["imports", "00000000000006bb"]]],
  ["libs",
   [["import dynlibs", "00000000000006bb"],
    ["package external libraries", "00000000000006bb"],
    ["module dynlibs", "00000000000006bb"],
    ["module plugins", "00000000000006bb"]]],
  ["Lean 4.33.1, commit 819816b2e0a3bf405af45ae5c7af2491d8f5bee6",
   "0051240b7c23c453"],
  ["/Users/hum/Documents/GitHub/HumOS/projects/platform/hum-docxology/repos/public/QuadMath/lean/QuadMath/Quadray.lean",
   "42c3b07a377715dc"],
  ["options", "00000000000006bb"],
  ["isModule: false", "feefd2a0d3a1847e"],
  ["Module.name: QuadMath.Quadray", "3c5ba4bfef0d8aa8"],
  ["Package.id?: (some Quadlean)", "caa059ec5c6c64fb"],
  ["Module.leanArgs: #[]", "00000000000006bb"]],
 "depHash": "405dda072eaeca10"}