{"synthetic": false,
 "schemaVersion": "2025-09-10",
 "outputs":
 {"o": ["95b4caa1b49a627c.olean"],
  "m": false,
  "i": "b833ba4c4040c9b4.ilean",
  "c": "0ea0016321806aea.c"},
 "log":
 [{"message":
   ".> LEAN_PATH=/Users/hum/Documents/GitHub/HumOS/projects/platform/hum-docxology/repos/public/QuadMath/lean/.lake/build/lib/lean /Users/hum/.elan/toolchains/leanprover--lean4---v4.33.1/bin/lean /Users/hum/Documents/GitHub/HumOS/projects/platform/hum-docxology/repos/public/QuadMath/lean/Quadlean.lean -o /Users/hum/Documents/GitHub/HumOS/projects/platform/hum-docxology/repos/public/QuadMath/lean/.lake/build/lib/lean/Quadlean.olean -i /Users/hum/Documents/GitHub/HumOS/projects/platform/hum-docxology/repos/public/QuadMath/lean/.lake/build/lib/lean/Quadlean.ilean -c /Users/hum/Documents/GitHub/HumOS/projects/platform/hum-docxology/repos/public/QuadMath/lean/.lake/build/ir/Quadlean.c --setup /Users/hum/Documents/GitHub/HumOS/projects/platform/hum-docxology/repos/public/QuadMath/lean/.lake/build/ir/Quadlean.setup.json --json",
   "level": "trace"}],
 "inputs":
 [["deps",
   [["Quadlean/Quadlean:extraDep",
     [["@Quadlean:extraDep", "00000000000006bb"]]],
    ["imports",
     [["QuadMath.Quadray transitive imports (legacy)", "00000000000006bb"],
      ["QuadMath.Quadray:importAllArts", "d6c51e62a11d4c71"],
      ["QuadMath.IVM transitive imports (legacy)", "4d491174a63921ca"],
      ["QuadMath.IVM:importAllArts", "ca886455610d79d0"],
      ["QuadMath.Lattice transitive imports (legacy)", "e6f9925754736675"],
      ["QuadMath.Lattice:importAllArts", "4973b23165c5937d"]]]]],
  ["libs",
   [["import dynlibs", "00000000000006bb"],
    ["package external libraries", "00000000000006bb"],
    ["module dynlibs", "00000000000006bb"],
    ["module plugins", "00000000000006bb"]]],
  ["Lean 4.33.1, commit 819816b2e0a3bf405af45ae5c7af2491d8f5bee6",
   "0051240b7c23c453"],
  ["/Users/hum/Documents/GitHub/HumOS/projects/platform/hum-docxology/repos/public/QuadMath/lean/Quadlean.lean",
   "94c785a8328939d1"],
  ["options", "00000000000006bb"],
  ["isModule: false", "feefd2a0d3a1847e"],
  ["Module.name: Quadlean", "1b12532f02713e4a"],
  ["Package.id?: (some Quadlean)", "caa059ec5c6c64fb"],
  ["Module.leanArgs: #[]", "00000000000006bb"]],
 "depHash": "2d97a17e8444a23a"}